21:33:03 **** Build of configuration Debug for project nucleof072rb ****
make -j20 all 
arm-none-eabi-gcc -o "nucleof072rb.elf" @"objects.list"   -mcpu=cortex-m0 -T"C:\Users\aryav\Downloads\embedded-bootcamp\nucleof072rb\STM32F072RBTX_FLASH.ld" --specs=nosys.specs -Wl,-Map="nucleof072rb.map" -Wl,--gc-sections -static --specs=nano.specs -mfloat-abi=soft -mthumb -Wl,--start-group -lc -lm -Wl,--end-group
Finished building target: nucleof072rb.elf
 
arm-none-eabi-size  nucleof072rb.elf 
arm-none-eabi-objdump -h -S nucleof072rb.elf  > "nucleof072rb.list"
   text	   data	    bss	    dec	    hex	filename
  15476	     12	   1876	  17364	   43d4	nucleof072rb.elf
Finished building: default.size.stdout
 
Finished building: nucleof072rb.list
 

21:33:05 Build Finished. 0 errors, 0 warnings. (took 2s.631ms)

